Archive member included to satisfy reference by file (symbol)

d:/documents/embedded systems/tooling/toolchains/avr/bin/../lib/gcc/avr/7.3.0/avr4\libgcc.a(_udivmodsi4.o)
                              STTS_program.o (__udivmodsi4)
d:/documents/embedded systems/tooling/toolchains/avr/bin/../lib/gcc/avr/7.3.0/avr4\libgcc.a(_exit.o)
                              d:/documents/embedded systems/tooling/toolchains/avr/bin/../lib/gcc/avr/7.3.0/../../../../avr/lib/avr4/crtatmega8.o (exit)
d:/documents/embedded systems/tooling/toolchains/avr/bin/../lib/gcc/avr/7.3.0/avr4\libgcc.a(_copy_data.o)
                              Blutooth_RC_Car_program.o (__do_copy_data)
d:/documents/embedded systems/tooling/toolchains/avr/bin/../lib/gcc/avr/7.3.0/avr4\libgcc.a(_clear_bss.o)
                              Blutooth_RC_Car_program.o (__do_clear_bss)
d:/documents/embedded systems/tooling/toolchains/avr/bin/../lib/gcc/avr/7.3.0/avr4\libgcc.a(_ctors.o)
                              Blutooth_RC_Car_program.o (__do_global_ctors)
d:/documents/embedded systems/tooling/toolchains/avr/bin/../lib/gcc/avr/7.3.0/avr4\libgcc.a(_tablejump2.o)
                              d:/documents/embedded systems/tooling/toolchains/avr/bin/../lib/gcc/avr/7.3.0/avr4\libgcc.a(_ctors.o) (__tablejump2__)

Memory Configuration

Name             Origin             Length             Attributes
text             0x00000000         0x00002000         xr
data             0x00800060         0x0000ffa0         rw !x
eeprom           0x00810000         0x00010000         rw !x
fuse             0x00820000         0x00000002         rw !x
lock             0x00830000         0x00000400         rw !x
signature        0x00840000         0x00000400         rw !x
user_signatures  0x00850000         0x00000400         rw !x
*default*        0x00000000         0xffffffff

Linker script and memory map

LOAD d:/documents/embedded systems/tooling/toolchains/avr/bin/../lib/gcc/avr/7.3.0/../../../../avr/lib/avr4/crtatmega8.o
LOAD main.o
LOAD Blutooth_RC_Car_program.o
LOAD STTS_program.o
LOAD HLED_program.o
LOAD HBUZZER_program.o
LOAD HMOT_program.o
LOAD HBLTH_program.o
LOAD MDIO_program.o
LOAD MPWM_program.o
LOAD MUART_program.o
LOAD d:/documents/embedded systems/tooling/toolchains/avr/bin/../lib/gcc/avr/7.3.0/avr4\libgcc.a
LOAD d:/documents/embedded systems/tooling/toolchains/avr/bin/../lib/gcc/avr/7.3.0/../../../../avr/lib/avr4\libm.a
START GROUP
LOAD d:/documents/embedded systems/tooling/toolchains/avr/bin/../lib/gcc/avr/7.3.0/avr4\libgcc.a
LOAD d:/documents/embedded systems/tooling/toolchains/avr/bin/../lib/gcc/avr/7.3.0/../../../../avr/lib/avr4\libm.a
LOAD d:/documents/embedded systems/tooling/toolchains/avr/bin/../lib/gcc/avr/7.3.0/../../../../avr/lib/avr4\libc.a
LOAD d:/documents/embedded systems/tooling/toolchains/avr/bin/../lib/gcc/avr/7.3.0/../../../../avr/lib/avr4\libatmega8.a
END GROUP
                0x00002000                __TEXT_REGION_LENGTH__ = DEFINED (__TEXT_REGION_LENGTH__)?__TEXT_REGION_LENGTH__:0x2000
                0x0000ffa0                __DATA_REGION_LENGTH__ = DEFINED (__DATA_REGION_LENGTH__)?__DATA_REGION_LENGTH__:0xffa0
                0x00010000                __EEPROM_REGION_LENGTH__ = DEFINED (__EEPROM_REGION_LENGTH__)?__EEPROM_REGION_LENGTH__:0x10000
                [0x00000002]                __FUSE_REGION_LENGTH__ = DEFINED (__FUSE_REGION_LENGTH__)?__FUSE_REGION_LENGTH__:0x400
                0x00000400                __LOCK_REGION_LENGTH__ = DEFINED (__LOCK_REGION_LENGTH__)?__LOCK_REGION_LENGTH__:0x400
                0x00000400                __SIGNATURE_REGION_LENGTH__ = DEFINED (__SIGNATURE_REGION_LENGTH__)?__SIGNATURE_REGION_LENGTH__:0x400
                0x00000400                __USER_SIGNATURE_REGION_LENGTH__ = DEFINED (__USER_SIGNATURE_REGION_LENGTH__)?__USER_SIGNATURE_REGION_LENGTH__:0x400
                0x00800060                __DATA_REGION_ORIGIN__ = DEFINED (__DATA_REGION_ORIGIN__)?__DATA_REGION_ORIGIN__:0x800060

.hash
 *(.hash)

.dynsym
 *(.dynsym)

.dynstr
 *(.dynstr)

.gnu.version
 *(.gnu.version)

.gnu.version_d
 *(.gnu.version_d)

.gnu.version_r
 *(.gnu.version_r)

.rel.init
 *(.rel.init)

.rela.init
 *(.rela.init)

.rel.text
 *(.rel.text)
 *(.rel.text.*)
 *(.rel.gnu.linkonce.t*)

.rela.text
 *(.rela.text)
 *(.rela.text.*)
 *(.rela.gnu.linkonce.t*)

.rel.fini
 *(.rel.fini)

.rela.fini
 *(.rela.fini)

.rel.rodata
 *(.rel.rodata)
 *(.rel.rodata.*)
 *(.rel.gnu.linkonce.r*)

.rela.rodata
 *(.rela.rodata)
 *(.rela.rodata.*)
 *(.rela.gnu.linkonce.r*)

.rel.data
 *(.rel.data)
 *(.rel.data.*)
 *(.rel.gnu.linkonce.d*)

.rela.data
 *(.rela.data)
 *(.rela.data.*)
 *(.rela.gnu.linkonce.d*)

.rel.ctors
 *(.rel.ctors)

.rela.ctors
 *(.rela.ctors)

.rel.dtors
 *(.rel.dtors)

.rela.dtors
 *(.rela.dtors)

.rel.got
 *(.rel.got)

.rela.got
 *(.rela.got)

.rel.bss
 *(.rel.bss)

.rela.bss
 *(.rela.bss)

.rel.plt
 *(.rel.plt)

.rela.plt
 *(.rela.plt)

.text           0x00000000      0x858
 *(.vectors)
 .vectors       0x00000000       0x26 d:/documents/embedded systems/tooling/toolchains/avr/bin/../lib/gcc/avr/7.3.0/../../../../avr/lib/avr4/crtatmega8.o
                0x00000000                __vector_default
                0x00000000                __vectors
 *(.vectors)
 *(.progmem.gcc*)
                0x00000026                . = ALIGN (0x2)
                0x00000026                __trampolines_start = .
 *(.trampolines)
 .trampolines   0x00000026        0x0 linker stubs
 *(.trampolines*)
                0x00000026                __trampolines_end = .
 *libprintf_flt.a:*(.progmem.data)
 *libc.a:*(.progmem.data)
 *(.progmem*)
                0x00000026                . = ALIGN (0x2)
 *(.jumptables)
 *(.jumptables*)
 *(.lowtext)
 *(.lowtext*)
                0x00000026                __ctors_start = .
 *(.ctors)
 .ctors         0x00000026        0x2 Blutooth_RC_Car_program.o
 .ctors         0x00000028        0x2 HLED_program.o
 .ctors         0x0000002a        0x2 HBUZZER_program.o
 .ctors         0x0000002c        0x2 HMOT_program.o
 .ctors         0x0000002e        0x2 HBLTH_program.o
                0x00000030                __ctors_end = .
                0x00000030                __dtors_start = .
 *(.dtors)
                0x00000030                __dtors_end = .
 SORT(*)(.ctors)
 SORT(*)(.dtors)
 *(.init0)
 .init0         0x00000030        0x0 d:/documents/embedded systems/tooling/toolchains/avr/bin/../lib/gcc/avr/7.3.0/../../../../avr/lib/avr4/crtatmega8.o
                0x00000030                __init
 *(.init0)
 *(.init1)
 *(.init1)
 *(.init2)
 .init2         0x00000030        0xc d:/documents/embedded systems/tooling/toolchains/avr/bin/../lib/gcc/avr/7.3.0/../../../../avr/lib/avr4/crtatmega8.o
 *(.init2)
 *(.init3)
 *(.init3)
 *(.init4)
 .init4         0x0000003c       0x16 d:/documents/embedded systems/tooling/toolchains/avr/bin/../lib/gcc/avr/7.3.0/avr4\libgcc.a(_copy_data.o)
                0x0000003c                __do_copy_data
 .init4         0x00000052       0x10 d:/documents/embedded systems/tooling/toolchains/avr/bin/../lib/gcc/avr/7.3.0/avr4\libgcc.a(_clear_bss.o)
                0x00000052                __do_clear_bss
 *(.init4)
 *(.init5)
 *(.init5)
 *(.init6)
 .init6         0x00000062       0x14 d:/documents/embedded systems/tooling/toolchains/avr/bin/../lib/gcc/avr/7.3.0/avr4\libgcc.a(_ctors.o)
                0x00000062                __do_global_ctors
 *(.init6)
 *(.init7)
 *(.init7)
 *(.init8)
 *(.init8)
 *(.init9)
 .init9         0x00000076        0x4 d:/documents/embedded systems/tooling/toolchains/avr/bin/../lib/gcc/avr/7.3.0/../../../../avr/lib/avr4/crtatmega8.o
 *(.init9)
 *(.text)
 .text          0x0000007a        0x2 d:/documents/embedded systems/tooling/toolchains/avr/bin/../lib/gcc/avr/7.3.0/../../../../avr/lib/avr4/crtatmega8.o
                0x0000007a                __vector_1
                0x0000007a                __vector_12
                0x0000007a                __bad_interrupt
                0x0000007a                __vector_6
                0x0000007a                __vector_17
                0x0000007a                __vector_7
                0x0000007a                __vector_5
                0x0000007a                __vector_4
                0x0000007a                __vector_9
                0x0000007a                __vector_2
                0x0000007a                __vector_15
                0x0000007a                __vector_8
                0x0000007a                __vector_14
                0x0000007a                __vector_10
                0x0000007a                __vector_16
                0x0000007a                __vector_18
 .text          0x0000007c        0x0 main.o
 .text          0x0000007c      0x16a Blutooth_RC_Car_program.o
                0x000001a6                _Z11system_initv
                0x000001ae                _Z10system_runv
 .text          0x000001e6      0x104 STTS_program.o
                0x000001e6                _ZN11sttsClass_tC2Eh
                0x000001e6                _ZN11sttsClass_tC1Eh
                0x000001f2                _ZN11sttsClass_t7addTaskE6task_t
                0x00000216                _ZN11sttsClass_t12schedulerRunEv
                0x0000022a                __vector_3
 .text          0x000002ea       0x74 HLED_program.o
                0x000002ea                _ZN11hledClass_tC1Eh
                0x000002ea                _ZN11hledClass_tC2Eh
                0x00000308                _ZN11hledClass_t5ledOnEv
                0x00000326                _ZN11hledClass_t6ledOffEv
                0x00000344                _ZN11hledClass_t9ledToggleEv
 .text          0x0000035e       0x18 HBUZZER_program.o
                0x0000035e                _ZN14hbuzzerClass_tC1Ev
                0x0000035e                _ZN14hbuzzerClass_tC2Ev
                0x00000366                _ZN14hbuzzerClass_t6buzzOnEv
                0x0000036e                _ZN14hbuzzerClass_t7buzzOffEv
 .text          0x00000376       0xd4 HMOT_program.o
                0x00000376                _ZN11hmotClass_tC2Eh
                0x00000376                _ZN11hmotClass_tC1Eh
                0x000003c8                _ZN11hmotClass_t11updateMotorEhh
 .text          0x0000044a       0x1c HBLTH_program.o
                0x0000044a                _ZN12hblthClass_tC1Ev
                0x0000044a                _ZN12hblthClass_tC2Ev
                0x0000045a                _ZN12hblthClass_t7getDataEPh
                0x00000460                _ZN12hblthClass_t17getData_interruptEPh
 .text          0x00000466      0x17e MDIO_program.o
                0x00000466                _ZN11mdioClass_t15setPinDirectionEh
                0x00000518                _ZN11mdioClass_t11setPinValueEh
                0x0000057c                _ZN11mdioClass_t14togglePinValueEv
                0x000005ac                _ZN11mdioClass_t11getPinValueEPh
 .text          0x000005e4       0xa8 MPWM_program.o
                0x000005e4                _ZN11mpwmClass_tC2Eh
                0x000005e4                _ZN11mpwmClass_tC1Eh
                0x00000634                _ZN11mpwmClass_t9updatePWMEhh
 .text          0x0000068c       0xac MUART_program.o
                0x0000068c                _ZN12muartClass_tC2Eth
                0x0000068c                _ZN12muartClass_tC1Eth
                0x0000069a                _ZN12muartClass_t8sendByteEh
                0x000006a8                _ZN12muartClass_t10sendStreamEPhh
                0x000006c4                _ZN12muartClass_t8recvByteEPh
                0x000006d0                _ZN12muartClass_t18sendByte_interruptEh
                0x000006e0                _ZN12muartClass_t18recvByte_interruptEPh
                0x000006f6                __vector_13
                0x00000714                __vector_11
 .text          0x00000738        0x0 d:/documents/embedded systems/tooling/toolchains/avr/bin/../lib/gcc/avr/7.3.0/avr4\libgcc.a(_udivmodsi4.o)
 .text          0x00000738        0x0 d:/documents/embedded systems/tooling/toolchains/avr/bin/../lib/gcc/avr/7.3.0/avr4\libgcc.a(_exit.o)
 .text          0x00000738        0x0 d:/documents/embedded systems/tooling/toolchains/avr/bin/../lib/gcc/avr/7.3.0/avr4\libgcc.a(_copy_data.o)
 .text          0x00000738        0x0 d:/documents/embedded systems/tooling/toolchains/avr/bin/../lib/gcc/avr/7.3.0/avr4\libgcc.a(_clear_bss.o)
 .text          0x00000738        0x0 d:/documents/embedded systems/tooling/toolchains/avr/bin/../lib/gcc/avr/7.3.0/avr4\libgcc.a(_ctors.o)
 .text          0x00000738        0x0 d:/documents/embedded systems/tooling/toolchains/avr/bin/../lib/gcc/avr/7.3.0/avr4\libgcc.a(_tablejump2.o)
                0x00000738                . = ALIGN (0x2)
 *(.text.*)
 .text.startup  0x00000738        0x6 main.o
                0x00000738                main
 .text.startup  0x0000073e       0x34 Blutooth_RC_Car_program.o
 .text.startup  0x00000772       0x18 HLED_program.o
 .text.startup  0x0000078a        0xe HBUZZER_program.o
 .text.startup  0x00000798       0x4a HMOT_program.o
 .text.startup  0x000007e2       0x22 HBLTH_program.o
 .text.libgcc.mul
                0x00000804        0x0 d:/documents/embedded systems/tooling/toolchains/avr/bin/../lib/gcc/avr/7.3.0/avr4\libgcc.a(_udivmodsi4.o)
 .text.libgcc.div
                0x00000804       0x44 d:/documents/embedded systems/tooling/toolchains/avr/bin/../lib/gcc/avr/7.3.0/avr4\libgcc.a(_udivmodsi4.o)
                0x00000804                __udivmodsi4
 .text.libgcc   0x00000848        0x0 d:/documents/embedded systems/tooling/toolchains/avr/bin/../lib/gcc/avr/7.3.0/avr4\libgcc.a(_udivmodsi4.o)
 .text.libgcc.prologue
                0x00000848        0x0 d:/documents/embedded systems/tooling/toolchains/avr/bin/../lib/gcc/avr/7.3.0/avr4\libgcc.a(_udivmodsi4.o)
 .text.libgcc.builtins
                0x00000848        0x0 d:/documents/embedded systems/tooling/toolchains/avr/bin/../lib/gcc/avr/7.3.0/avr4\libgcc.a(_udivmodsi4.o)
 .text.libgcc.fmul
                0x00000848        0x0 d:/documents/embedded systems/tooling/toolchains/avr/bin/../lib/gcc/avr/7.3.0/avr4\libgcc.a(_udivmodsi4.o)
 .text.libgcc.fixed
                0x00000848        0x0 d:/documents/embedded systems/tooling/toolchains/avr/bin/../lib/gcc/avr/7.3.0/avr4\libgcc.a(_udivmodsi4.o)
 .text.libgcc.mul
                0x00000848        0x0 d:/documents/embedded systems/tooling/toolchains/avr/bin/../lib/gcc/avr/7.3.0/avr4\libgcc.a(_exit.o)
 .text.libgcc.div
                0x00000848        0x0 d:/documents/embedded systems/tooling/toolchains/avr/bin/../lib/gcc/avr/7.3.0/avr4\libgcc.a(_exit.o)
 .text.libgcc   0x00000848        0x0 d:/documents/embedded systems/tooling/toolchains/avr/bin/../lib/gcc/avr/7.3.0/avr4\libgcc.a(_exit.o)
 .text.libgcc.prologue
                0x00000848        0x0 d:/documents/embedded systems/tooling/toolchains/avr/bin/../lib/gcc/avr/7.3.0/avr4\libgcc.a(_exit.o)
 .text.libgcc.builtins
                0x00000848        0x0 d:/documents/embedded systems/tooling/toolchains/avr/bin/../lib/gcc/avr/7.3.0/avr4\libgcc.a(_exit.o)
 .text.libgcc.fmul
                0x00000848        0x0 d:/documents/embedded systems/tooling/toolchains/avr/bin/../lib/gcc/avr/7.3.0/avr4\libgcc.a(_exit.o)
 .text.libgcc.fixed
                0x00000848        0x0 d:/documents/embedded systems/tooling/toolchains/avr/bin/../lib/gcc/avr/7.3.0/avr4\libgcc.a(_exit.o)
 .text.libgcc.mul
                0x00000848        0x0 d:/documents/embedded systems/tooling/toolchains/avr/bin/../lib/gcc/avr/7.3.0/avr4\libgcc.a(_copy_data.o)
 .text.libgcc.div
                0x00000848        0x0 d:/documents/embedded systems/tooling/toolchains/avr/bin/../lib/gcc/avr/7.3.0/avr4\libgcc.a(_copy_data.o)
 .text.libgcc   0x00000848        0x0 d:/documents/embedded systems/tooling/toolchains/avr/bin/../lib/gcc/avr/7.3.0/avr4\libgcc.a(_copy_data.o)
 .text.libgcc.prologue
                0x00000848        0x0 d:/documents/embedded systems/tooling/toolchains/avr/bin/../lib/gcc/avr/7.3.0/avr4\libgcc.a(_copy_data.o)
 .text.libgcc.builtins
                0x00000848        0x0 d:/documents/embedded systems/tooling/toolchains/avr/bin/../lib/gcc/avr/7.3.0/avr4\libgcc.a(_copy_data.o)
 .text.libgcc.fmul
                0x00000848        0x0 d:/documents/embedded systems/tooling/toolchains/avr/bin/../lib/gcc/avr/7.3.0/avr4\libgcc.a(_copy_data.o)
 .text.libgcc.fixed
                0x00000848        0x0 d:/documents/embedded systems/tooling/toolchains/avr/bin/../lib/gcc/avr/7.3.0/avr4\libgcc.a(_copy_data.o)
 .text.libgcc.mul
                0x00000848        0x0 d:/documents/embedded systems/tooling/toolchains/avr/bin/../lib/gcc/avr/7.3.0/avr4\libgcc.a(_clear_bss.o)
 .text.libgcc.div
                0x00000848        0x0 d:/documents/embedded systems/tooling/toolchains/avr/bin/../lib/gcc/avr/7.3.0/avr4\libgcc.a(_clear_bss.o)
 .text.libgcc   0x00000848        0x0 d:/documents/embedded systems/tooling/toolchains/avr/bin/../lib/gcc/avr/7.3.0/avr4\libgcc.a(_clear_bss.o)
 .text.libgcc.prologue
                0x00000848        0x0 d:/documents/embedded systems/tooling/toolchains/avr/bin/../lib/gcc/avr/7.3.0/avr4\libgcc.a(_clear_bss.o)
 .text.libgcc.builtins
                0x00000848        0x0 d:/documents/embedded systems/tooling/toolchains/avr/bin/../lib/gcc/avr/7.3.0/avr4\libgcc.a(_clear_bss.o)
 .text.libgcc.fmul
                0x00000848        0x0 d:/documents/embedded systems/tooling/toolchains/avr/bin/../lib/gcc/avr/7.3.0/avr4\libgcc.a(_clear_bss.o)
 .text.libgcc.fixed
                0x00000848        0x0 d:/documents/embedded systems/tooling/toolchains/avr/bin/../lib/gcc/avr/7.3.0/avr4\libgcc.a(_clear_bss.o)
 .text.libgcc.mul
                0x00000848        0x0 d:/documents/embedded systems/tooling/toolchains/avr/bin/../lib/gcc/avr/7.3.0/avr4\libgcc.a(_ctors.o)
 .text.libgcc.div
                0x00000848        0x0 d:/documents/embedded systems/tooling/toolchains/avr/bin/../lib/gcc/avr/7.3.0/avr4\libgcc.a(_ctors.o)
 .text.libgcc   0x00000848        0x0 d:/documents/embedded systems/tooling/toolchains/avr/bin/../lib/gcc/avr/7.3.0/avr4\libgcc.a(_ctors.o)
 .text.libgcc.prologue
                0x00000848        0x0 d:/documents/embedded systems/tooling/toolchains/avr/bin/../lib/gcc/avr/7.3.0/avr4\libgcc.a(_ctors.o)
 .text.libgcc.builtins
                0x00000848        0x0 d:/documents/embedded systems/tooling/toolchains/avr/bin/../lib/gcc/avr/7.3.0/avr4\libgcc.a(_ctors.o)
 .text.libgcc.fmul
                0x00000848        0x0 d:/documents/embedded systems/tooling/toolchains/avr/bin/../lib/gcc/avr/7.3.0/avr4\libgcc.a(_ctors.o)
 .text.libgcc.fixed
                0x00000848        0x0 d:/documents/embedded systems/tooling/toolchains/avr/bin/../lib/gcc/avr/7.3.0/avr4\libgcc.a(_ctors.o)
 .text.libgcc.mul
                0x00000848        0x0 d:/documents/embedded systems/tooling/toolchains/avr/bin/../lib/gcc/avr/7.3.0/avr4\libgcc.a(_tablejump2.o)
 .text.libgcc.div
                0x00000848        0x0 d:/documents/embedded systems/tooling/toolchains/avr/bin/../lib/gcc/avr/7.3.0/avr4\libgcc.a(_tablejump2.o)
 .text.libgcc   0x00000848        0xc d:/documents/embedded systems/tooling/toolchains/avr/bin/../lib/gcc/avr/7.3.0/avr4\libgcc.a(_tablejump2.o)
                0x00000848                __tablejump2__
 .text.libgcc.prologue
                0x00000854        0x0 d:/documents/embedded systems/tooling/toolchains/avr/bin/../lib/gcc/avr/7.3.0/avr4\libgcc.a(_tablejump2.o)
 .text.libgcc.builtins
                0x00000854        0x0 d:/documents/embedded systems/tooling/toolchains/avr/bin/../lib/gcc/avr/7.3.0/avr4\libgcc.a(_tablejump2.o)
 .text.libgcc.fmul
                0x00000854        0x0 d:/documents/embedded systems/tooling/toolchains/avr/bin/../lib/gcc/avr/7.3.0/avr4\libgcc.a(_tablejump2.o)
 .text.libgcc.fixed
                0x00000854        0x0 d:/documents/embedded systems/tooling/toolchains/avr/bin/../lib/gcc/avr/7.3.0/avr4\libgcc.a(_tablejump2.o)
                0x00000854                . = ALIGN (0x2)
 *(.fini9)
 .fini9         0x00000854        0x0 d:/documents/embedded systems/tooling/toolchains/avr/bin/../lib/gcc/avr/7.3.0/avr4\libgcc.a(_exit.o)
                0x00000854                _exit
                0x00000854                exit
 *(.fini9)
 *(.fini8)
 *(.fini8)
 *(.fini7)
 *(.fini7)
 *(.fini6)
 *(.fini6)
 *(.fini5)
 *(.fini5)
 *(.fini4)
 *(.fini4)
 *(.fini3)
 *(.fini3)
 *(.fini2)
 *(.fini2)
 *(.fini1)
 *(.fini1)
 *(.fini0)
 .fini0         0x00000854        0x4 d:/documents/embedded systems/tooling/toolchains/avr/bin/../lib/gcc/avr/7.3.0/avr4\libgcc.a(_exit.o)
 *(.fini0)
                0x00000858                _etext = .

.data           0x00800060       0x1a load address 0x00000858
                0x00800060                PROVIDE (__data_start, .)
 *(.data)
 .data          0x00800060        0x0 d:/documents/embedded systems/tooling/toolchains/avr/bin/../lib/gcc/avr/7.3.0/../../../../avr/lib/avr4/crtatmega8.o
 .data          0x00800060        0x0 main.o
 .data          0x00800060        0x0 Blutooth_RC_Car_program.o
 .data          0x00800060        0x0 STTS_program.o
 .data          0x00800060        0x0 HLED_program.o
 .data          0x00800060        0x0 HBUZZER_program.o
 .data          0x00800060        0x0 HMOT_program.o
 .data          0x00800060        0x0 HBLTH_program.o
 .data          0x00800060       0x12 MDIO_program.o
                0x00800060                gu8Arr_pinArray
                0x00800066                gu8Arr_portArray
                0x0080006c                gu8Arr_ddrArray
 .data          0x00800072        0x0 MPWM_program.o
 .data          0x00800072        0x1 MUART_program.o
 .data          0x00800073        0x0 d:/documents/embedded systems/tooling/toolchains/avr/bin/../lib/gcc/avr/7.3.0/avr4\libgcc.a(_udivmodsi4.o)
 .data          0x00800073        0x0 d:/documents/embedded systems/tooling/toolchains/avr/bin/../lib/gcc/avr/7.3.0/avr4\libgcc.a(_exit.o)
 .data          0x00800073        0x0 d:/documents/embedded systems/tooling/toolchains/avr/bin/../lib/gcc/avr/7.3.0/avr4\libgcc.a(_copy_data.o)
 .data          0x00800073        0x0 d:/documents/embedded systems/tooling/toolchains/avr/bin/../lib/gcc/avr/7.3.0/avr4\libgcc.a(_clear_bss.o)
 .data          0x00800073        0x0 d:/documents/embedded systems/tooling/toolchains/avr/bin/../lib/gcc/avr/7.3.0/avr4\libgcc.a(_ctors.o)
 .data          0x00800073        0x0 d:/documents/embedded systems/tooling/toolchains/avr/bin/../lib/gcc/avr/7.3.0/avr4\libgcc.a(_tablejump2.o)
 *(.data*)
 *(.gnu.linkonce.d*)
 *(.rodata)
 .rodata        0x00800073        0x6 Blutooth_RC_Car_program.o
 *(.rodata*)
 *(.gnu.linkonce.r*)
                0x0080007a                . = ALIGN (0x2)
 *fill*         0x00800079        0x1 
                0x0080007a                _edata = .
                0x0080007a                PROVIDE (__data_end, .)

.bss            0x0080007a       0x31
                0x0080007a                PROVIDE (__bss_start, .)
 *(.bss)
 .bss           0x0080007a        0x0 d:/documents/embedded systems/tooling/toolchains/avr/bin/../lib/gcc/avr/7.3.0/../../../../avr/lib/avr4/crtatmega8.o
 .bss           0x0080007a        0x0 main.o
 .bss           0x0080007a        0xb Blutooth_RC_Car_program.o
                0x0080007a                obj_tts
                0x0080007b                obj_leftMotor
                0x0080007c                obj_rightMotor
                0x0080007d                obj_rearLEDs
                0x0080007e                obj_frontLEDs
                0x0080007f                obj_buzzer
                0x00800080                obj_blthCommunication
 .bss           0x00800085        0xb STTS_program.o
 .bss           0x00800090        0x4 HLED_program.o
                0x00800090                gobj_led2Pin
                0x00800092                gobj_led1Pin
 .bss           0x00800094        0x2 HBUZZER_program.o
                0x00800094                gobj_buzzerPin
 .bss           0x00800096        0xe HMOT_program.o
                0x00800096                motor_2_pwmChannel
                0x00800097                motor_1_pwmChannel
                0x00800098                motor_2_dioIn_2_pin
                0x0080009a                motor_2_dioIn_1_pin
                0x0080009c                motor_1_dioIn_2_pin
                0x0080009e                motor_1_dioIn_1_pin
                0x008000a0                motor_2_dioEnPin
                0x008000a2                motor_1_dioEnPin
 .bss           0x008000a4        0x5 HBLTH_program.o
                0x008000a4                obj_blthRxPin_PD1
                0x008000a6                obj_blthTxPin_PD0
                0x008000a8                obj_uart
 .bss           0x008000a9        0x0 MDIO_program.o
 .bss           0x008000a9        0x0 MPWM_program.o
 .bss           0x008000a9        0x2 MUART_program.o
 .bss           0x008000ab        0x0 d:/documents/embedded systems/tooling/toolchains/avr/bin/../lib/gcc/avr/7.3.0/avr4\libgcc.a(_udivmodsi4.o)
 .bss           0x008000ab        0x0 d:/documents/embedded systems/tooling/toolchains/avr/bin/../lib/gcc/avr/7.3.0/avr4\libgcc.a(_exit.o)
 .bss           0x008000ab        0x0 d:/documents/embedded systems/tooling/toolchains/avr/bin/../lib/gcc/avr/7.3.0/avr4\libgcc.a(_copy_data.o)
 .bss           0x008000ab        0x0 d:/documents/embedded systems/tooling/toolchains/avr/bin/../lib/gcc/avr/7.3.0/avr4\libgcc.a(_clear_bss.o)
 .bss           0x008000ab        0x0 d:/documents/embedded systems/tooling/toolchains/avr/bin/../lib/gcc/avr/7.3.0/avr4\libgcc.a(_ctors.o)
 .bss           0x008000ab        0x0 d:/documents/embedded systems/tooling/toolchains/avr/bin/../lib/gcc/avr/7.3.0/avr4\libgcc.a(_tablejump2.o)
 *(.bss*)
 *(COMMON)
                0x008000ab                PROVIDE (__bss_end, .)
                0x00000858                __data_load_start = LOADADDR (.data)
                0x00000872                __data_load_end = (__data_load_start + SIZEOF (.data))

.noinit         0x008000ab        0x0
                [!provide]                PROVIDE (__noinit_start, .)
 *(.noinit*)
                [!provide]                PROVIDE (__noinit_end, .)
                0x008000ab                _end = .
                [!provide]                PROVIDE (__heap_start, .)

.eeprom         0x00810000        0x0
 *(.eeprom*)
                0x00810000                __eeprom_end = .

.fuse
 *(.fuse)
 *(.lfuse)
 *(.hfuse)
 *(.efuse)

.lock
 *(.lock*)

.signature
 *(.signature*)

.user_signatures
 *(.user_signatures*)

.stab
 *(.stab)

.stabstr
 *(.stabstr)

.stab.excl
 *(.stab.excl)

.stab.exclstr
 *(.stab.exclstr)

.stab.index
 *(.stab.index)

.stab.indexstr
 *(.stab.indexstr)

.comment        0x00000000       0x11
 *(.comment)
 .comment       0x00000000       0x11 main.o
                                 0x12 (size before relaxing)
 .comment       0x00000011       0x12 Blutooth_RC_Car_program.o
 .comment       0x00000011       0x12 STTS_program.o
 .comment       0x00000011       0x12 HLED_program.o
 .comment       0x00000011       0x12 HBUZZER_program.o
 .comment       0x00000011       0x12 HMOT_program.o
 .comment       0x00000011       0x12 HBLTH_program.o
 .comment       0x00000011       0x12 MDIO_program.o
 .comment       0x00000011       0x12 MPWM_program.o
 .comment       0x00000011       0x12 MUART_program.o

.note.gnu.avr.deviceinfo
                0x00000000       0x3c
 .note.gnu.avr.deviceinfo
                0x00000000       0x3c d:/documents/embedded systems/tooling/toolchains/avr/bin/../lib/gcc/avr/7.3.0/../../../../avr/lib/avr4/crtatmega8.o

.note.gnu.build-id
 *(.note.gnu.build-id)

.debug
 *(.debug)

.line
 *(.line)

.debug_srcinfo
 *(.debug_srcinfo)

.debug_sfnames
 *(.debug_sfnames)

.debug_aranges  0x00000000       0xc0
 *(.debug_aranges)
 .debug_aranges
                0x00000000       0x20 d:/documents/embedded systems/tooling/toolchains/avr/bin/../lib/gcc/avr/7.3.0/avr4\libgcc.a(_udivmodsi4.o)
 .debug_aranges
                0x00000020       0x20 d:/documents/embedded systems/tooling/toolchains/avr/bin/../lib/gcc/avr/7.3.0/avr4\libgcc.a(_exit.o)
 .debug_aranges
                0x00000040       0x20 d:/documents/embedded systems/tooling/toolchains/avr/bin/../lib/gcc/avr/7.3.0/avr4\libgcc.a(_copy_data.o)
 .debug_aranges
                0x00000060       0x20 d:/documents/embedded systems/tooling/toolchains/avr/bin/../lib/gcc/avr/7.3.0/avr4\libgcc.a(_clear_bss.o)
 .debug_aranges
                0x00000080       0x20 d:/documents/embedded systems/tooling/toolchains/avr/bin/../lib/gcc/avr/7.3.0/avr4\libgcc.a(_ctors.o)
 .debug_aranges
                0x000000a0       0x20 d:/documents/embedded systems/tooling/toolchains/avr/bin/../lib/gcc/avr/7.3.0/avr4\libgcc.a(_tablejump2.o)

.debug_pubnames
 *(.debug_pubnames)

.debug_info     0x00000000      0x8ee
 *(.debug_info .gnu.linkonce.wi.*)
 .debug_info    0x00000000      0x48c d:/documents/embedded systems/tooling/toolchains/avr/bin/../lib/gcc/avr/7.3.0/../../../../avr/lib/avr4/crtatmega8.o
 .debug_info    0x0000048c       0xbb d:/documents/embedded systems/tooling/toolchains/avr/bin/../lib/gcc/avr/7.3.0/avr4\libgcc.a(_udivmodsi4.o)
 .debug_info    0x00000547       0xbb d:/documents/embedded systems/tooling/toolchains/avr/bin/../lib/gcc/avr/7.3.0/avr4\libgcc.a(_exit.o)
 .debug_info    0x00000602       0xbb d:/documents/embedded systems/tooling/toolchains/avr/bin/../lib/gcc/avr/7.3.0/avr4\libgcc.a(_copy_data.o)
 .debug_info    0x000006bd       0xbb d:/documents/embedded systems/tooling/toolchains/avr/bin/../lib/gcc/avr/7.3.0/avr4\libgcc.a(_clear_bss.o)
 .debug_info    0x00000778       0xbb d:/documents/embedded systems/tooling/toolchains/avr/bin/../lib/gcc/avr/7.3.0/avr4\libgcc.a(_ctors.o)
 .debug_info    0x00000833       0xbb d:/documents/embedded systems/tooling/toolchains/avr/bin/../lib/gcc/avr/7.3.0/avr4\libgcc.a(_tablejump2.o)

.debug_abbrev   0x00000000      0x4c6
 *(.debug_abbrev)
 .debug_abbrev  0x00000000      0x44e d:/documents/embedded systems/tooling/toolchains/avr/bin/../lib/gcc/avr/7.3.0/../../../../avr/lib/avr4/crtatmega8.o
 .debug_abbrev  0x0000044e       0x14 d:/documents/embedded systems/tooling/toolchains/avr/bin/../lib/gcc/avr/7.3.0/avr4\libgcc.a(_udivmodsi4.o)
 .debug_abbrev  0x00000462       0x14 d:/documents/embedded systems/tooling/toolchains/avr/bin/../lib/gcc/avr/7.3.0/avr4\libgcc.a(_exit.o)
 .debug_abbrev  0x00000476       0x14 d:/documents/embedded systems/tooling/toolchains/avr/bin/../lib/gcc/avr/7.3.0/avr4\libgcc.a(_copy_data.o)
 .debug_abbrev  0x0000048a       0x14 d:/documents/embedded systems/tooling/toolchains/avr/bin/../lib/gcc/avr/7.3.0/avr4\libgcc.a(_clear_bss.o)
 .debug_abbrev  0x0000049e       0x14 d:/documents/embedded systems/tooling/toolchains/avr/bin/../lib/gcc/avr/7.3.0/avr4\libgcc.a(_ctors.o)
 .debug_abbrev  0x000004b2       0x14 d:/documents/embedded systems/tooling/toolchains/avr/bin/../lib/gcc/avr/7.3.0/avr4\libgcc.a(_tablejump2.o)

.debug_line     0x00000000      0x3c8
 *(.debug_line .debug_line.* .debug_line_end)
 .debug_line    0x00000000       0x1a d:/documents/embedded systems/tooling/toolchains/avr/bin/../lib/gcc/avr/7.3.0/../../../../avr/lib/avr4/crtatmega8.o
 .debug_line    0x0000001a      0x122 d:/documents/embedded systems/tooling/toolchains/avr/bin/../lib/gcc/avr/7.3.0/avr4\libgcc.a(_udivmodsi4.o)
 .debug_line    0x0000013c       0x62 d:/documents/embedded systems/tooling/toolchains/avr/bin/../lib/gcc/avr/7.3.0/avr4\libgcc.a(_exit.o)
 .debug_line    0x0000019e       0x98 d:/documents/embedded systems/tooling/toolchains/avr/bin/../lib/gcc/avr/7.3.0/avr4\libgcc.a(_copy_data.o)
 .debug_line    0x00000236       0x86 d:/documents/embedded systems/tooling/toolchains/avr/bin/../lib/gcc/avr/7.3.0/avr4\libgcc.a(_clear_bss.o)
 .debug_line    0x000002bc       0x92 d:/documents/embedded systems/tooling/toolchains/avr/bin/../lib/gcc/avr/7.3.0/avr4\libgcc.a(_ctors.o)
 .debug_line    0x0000034e       0x7a d:/documents/embedded systems/tooling/toolchains/avr/bin/../lib/gcc/avr/7.3.0/avr4\libgcc.a(_tablejump2.o)

.debug_frame
 *(.debug_frame)

.debug_str      0x00000000      0x17a
 *(.debug_str)
 .debug_str     0x00000000      0x17a d:/documents/embedded systems/tooling/toolchains/avr/bin/../lib/gcc/avr/7.3.0/../../../../avr/lib/avr4/crtatmega8.o

.debug_loc
 *(.debug_loc)

.debug_macinfo
 *(.debug_macinfo)

.debug_weaknames
 *(.debug_weaknames)

.debug_funcnames
 *(.debug_funcnames)

.debug_typenames
 *(.debug_typenames)

.debug_varnames
 *(.debug_varnames)

.debug_pubtypes
 *(.debug_pubtypes)

.debug_ranges
 *(.debug_ranges)

.debug_macro
 *(.debug_macro)
OUTPUT(main.elf elf32-avr)
LOAD linker stubs
